Verifying alignment of app/build/outputs/apk/debug/app-debug.apk (4)...
      87 META-INF/com/android/build/gradle/app-metadata.properties (OK - compressed)
     180 classes.dex (OK)
 3480780 classes2.dex (OK)
 3483452 classes3.dex (OK)
 3664216 classes4.dex (OK)
 4488320 assets/helix/assets/index-BO_nNEqK.css (OK - compressed)
 4495150 assets/helix/assets/index-BaojkkzC.js (OK - compressed)
 4924783 assets/helix/index.html (OK - compressed)
 4925133 AndroidManifest.xml (OK - compressed)
 4927448 res/drawable/ic_launcher_background.xml (OK - compressed)
 4927977 res/xml/jarvis_app_automation_service.xml (OK - compressed)
 4928402 res/xml/jarvis_system_control_service.xml (OK - compressed)
 4928836 res/xml/network_security_config.xml (OK - compressed)
 4929144 resources.arsc (OK)
 4932118 kotlin/annotation/annotation.kotlin_builtins (OK - compressed)
 4932755 kotlin/collections/collections.kotlin_builtins (OK - compressed)
 4934350 kotlin/coroutines/coroutines.kotlin_builtins (OK - compressed)
 4934577 kotlin/internal/internal.kotlin_builtins (OK - compressed)
 4935030 kotlin/kotlin.kotlin_builtins (OK - compressed)
 4940353 kotlin/ranges/ranges.kotlin_builtins (OK - compressed)
 4941713 kotlin/reflect/reflect.kotlin_builtins (OK - compressed)
 4943065 okhttp3/internal/publicsuffix/NOTICE (OK - compressed)
 4943292 okhttp3/internal/publicsuffix/publicsuffixes.gz (OK)
Verification succesful
