package: name='com.seongja.jarvis' versionCode='32' versionName='0.9.22-ops-core' platformBuildVersionName='15' platformBuildVersionCode='35' compileSdkVersion='35' compileSdkVersionCodename='15'
sdkVersion:'28'
targetSdkVersion:'35'
uses-permission: name='android.permission.RECORD_AUDIO'
uses-permission: name='android.permission.CAMERA'
uses-permission: name='android.permission.INTERNET'
uses-permission: name='android.permission.ACCESS_NETWORK_STATE'
uses-permission: name='android.permission.MODIFY_AUDIO_SETTINGS'
uses-permission: name='android.permission.VIBRATE'
uses-permission: name='android.permission.WAKE_LOCK'
uses-permission: name='android.permission.WRITE_SETTINGS'
uses-permission: name='android.permission.PACKAGE_USAGE_STATS'
uses-permission: name='android.permission.FOREGROUND_SERVICE'
uses-permission: name='android.permission.FOREGROUND_SERVICE_MICROPHONE'
uses-permission: name='android.permission.POST_NOTIFICATIONS'
application-label:'F.R.I.D.A.Y.'
application-icon-160:'res/drawable/ic_launcher_background.xml'
application: label='F.R.I.D.A.Y.' icon='res/drawable/ic_launcher_background.xml'
application-debuggable
launchable-activity: name='com.seongja.jarvis.MainActivity'  label='' icon=''
feature-group: label=''
  uses-feature-not-required: name='android.hardware.camera'
  uses-feature-not-required: name='android.hardware.camera.flash'
  uses-feature: name='android.hardware.faketouch'
  uses-implied-feature: name='android.hardware.faketouch' reason='default feature for all apps'
  uses-feature: name='android.hardware.microphone'
  uses-implied-feature: name='android.hardware.microphone' reason='requested android.permission.RECORD_AUDIO permission'
provides-component:'accessibility'
provides-component:'notification-listener'
main
other-activities
other-services
supports-screens: 'small' 'normal' 'large' 'xlarge'
supports-any-density: 'true'
locales: '--_--'
densities: '160'
